[leviagas210121.wedew.id/index.html]
[backblue.gif]
[fade.gif]
[index.html]
[storage.wedew.id/uploads/public/600/508/fb7/600508fb733e8932749552.jpg]
[wedew.id/apple-touch-icon.png]
[wedew.id/favicon-32x32.png]
[wedew.id/favicon-16x16.png]
[storage.wedew.id/uploads/public/600/509/c54/600509c54054a198423732.jpg]
[storage.wedew.id/uploads/public/5ff/e63/2ab/5ffe632ab0516488902876.jpg]
[storage.wedew.id/uploads/public/5ff/e60/4a3/thumb_1216863_240_240_0_0_crop.jpg]
[storage.wedew.id/uploads/public/5ff/e60/55d/thumb_1216864_240_240_0_0_crop.jpg]
[storage.wedew.id/uploads/public/5ff/e68/1b1/thumb_1216902_1600_1600_0_0_auto.jpg]
[wedew.id/themes/minimal/assets/images/save-the-date.gif]
[storage.wedew.id/uploads/public/5ff/eb8/9bb/5ffeb89bbc1e7009706686.jpg]
[storage.wedew.id/uploads/public/5ff/eb9/bd8/5ffeb9bd86256541934595.jpg]
[storage.wedew.id/uploads/public/600/520/b36/600520b362dca889965677.jpg]
[storage.wedew.id/uploads/public/5ff/e72/511/5ffe7251151ed567432807.jpg]
[storage.wedew.id/uploads/public/5ff/e72/511/thumb_1216953_400_400_0_0_auto.jpg]
[storage.wedew.id/uploads/public/5ff/e72/561/5ffe72561a771976478173.jpg]
[storage.wedew.id/uploads/public/5ff/e72/561/thumb_1216954_400_400_0_0_auto.jpg]
[storage.wedew.id/uploads/public/5ff/e72/5d5/5ffe725d50338093141212.jpg]
[storage.wedew.id/uploads/public/5ff/e72/5d5/thumb_1216956_400_400_0_0_auto.jpg]
[storage.wedew.id/uploads/public/5ff/e72/68f/5ffe7268f3a82462204001.jpg]
[storage.wedew.id/uploads/public/5ff/e72/68f/thumb_1216957_400_400_0_0_auto.jpg]
[storage.wedew.id/uploads/public/5ff/e72/707/5ffe727076798544401827.jpg]
[storage.wedew.id/uploads/public/5ff/e72/707/thumb_1216958_400_400_0_0_auto.jpg]
[storage.wedew.id/uploads/public/5ff/e74/2f3/5ffe742f314e8408047599.jpg]
[storage.wedew.id/uploads/public/5ff/e74/2f3/thumb_1216973_400_400_0_0_auto.jpg]
[storage.wedew.id/uploads/public/5ff/e74/385/5ffe743852af7581414862.jpg]
[storage.wedew.id/uploads/public/5ff/e74/385/thumb_1216974_400_400_0_0_auto.jpg]
[storage.wedew.id/uploads/public/5ff/e74/424/5ffe744249a7c756273372.jpg]
[storage.wedew.id/uploads/public/5ff/e74/424/thumb_1216975_400_400_0_0_auto.jpg]
[storage.wedew.id/uploads/public/5ff/e74/679/thumb_1216976_1400_1400_0_0_auto.jpg]
[storage.wedew.id/uploads/public/5ff/e74/679/thumb_1216976_400_400_0_0_auto.jpg]
[storage.wedew.id/uploads/public/5ff/e74/9fa/5ffe749facd94426016872.jpg]
[storage.wedew.id/uploads/public/5ff/e74/9fa/thumb_1216977_400_400_0_0_auto.jpg]
[storage.wedew.id/uploads/public/5ff/eb8/ba1/5ffeb8ba1851e420084072.jpg]
[img.youtube.com/vi/B-PKo5S6eNc/hqdefault.jpg]
[storage.wedew.id/uploads/public/600/50a/07b/60050a07be5a8423402144.jpg]
[storage.wedew.id/uploads/public/600/389/14f/60038914f1a92508733627.jpg]
[wedew.id/themes/wedew/assets/icons/payment-mandiri.png]
[wedew.id/themes/wedew/assets/icons/payment-bri.png]
[wedew.id/themes/wedew/assets/icons/payment-bni.png]
[wedew.id/themes/wedew/assets/icons/payment-permata.png]
[wedew.id/themes/wedew/assets/icons/payment-atmb.png]
[wedew.id/themes/wedew/assets/icons/payment-prima.png]
[wedew.id/themes/wedew/assets/icons/payment-alto.png]
[wedew.id/themes/wedew/assets/icons/payment-alfa.png]
[wedew.id/themes/wedew/assets/icons/payment-gopay.png]
[wedew.id/themes/wedew/assets/icons/payment-ovo.png]
[wedew.id/themes/wedew/assets/icons/payment-dana.png]
[wedew.id/themes/wedew/assets/icons/payment-linkaja.png]
[leviagas210121.wedew.id/themes/wedew/assets/images/logo.png]
[leviagas210121.wedew.id/index.html]
